// Jest Snapshot v1, https://goo.gl/fbAQLP

exports[`Card should render Card component 1`] = `
<DocumentFragment>
  <div
    class="card"
    data-testid="card"
  >
    <div>
      <img
        alt=""
        class="card-image"
        src="abstract.png"
      />
    </div>
    <div
      class="card-content card-padding"
    >
      <div
        class="date-time"
      >
        <div
          class="date"
        >
          29th
      June, 
      2022
        </div>
        <div
          class="read-time"
        >
          4 mins
        </div>
      </div>
      <div
        class="card-heading"
      >
        mock title 2
      </div>
      <div
        class="card-description"
      >
        mock description 2
      </div>
    </div>
    <hr />
    <div
      class="reactions"
    >
      <div
        class="clap"
      >
        <img
          alt="clapImage"
          src="clapping.svg"
        />
        <div
          class="count"
          data-testid="count-clap"
        >
          12
        </div>
      </div>
      <div
        class="heart"
      >
        <img
          alt="heartImg"
          src="heart-black.svg"
        />
      </div>
    </div>
  </div>
</DocumentFragment>
`;
